[SplatKit 4D setup] Downloading gsplat-1.4.0+pt28cu128-cp311-cp311-win_amd64.whl
[SplatKit 4D setup] Downloading uv.zip
[SplatKit 4D setup] C:\Users\HP\Apps\ComfyUI\custom_nodes\comfyui-splatkit\bin\splat_backend_cache\uv.exe venv --seed --python 3.11 C:\Users\HP\Apps\ComfyUI\custom_nodes\comfyui-splatkit\bin\splat_backend\venv
Downloading cpython-3.11.16-windows-x86_64-none (download) (24.0MiB)
 Downloaded cpython-3.11.16-windows-x86_64-none (download)
Using CPython 3.11.16
Creating virtual environment with seed packages at: C:\Users\HP\Apps\ComfyUI\custom_nodes\comfyui-splatkit\bin\splat_backend\venv
 + packaging==26.3
 + pip==26.2.1
 + setuptools==84.0.0
 + wheel==0.48.0
Activate with: C:\Users\HP\Apps\ComfyUI\custom_nodes\comfyui-splatkit\bin\splat_backend\venv\Scripts\activate
[SplatKit 4D setup] C:\Users\HP\Apps\ComfyUI\custom_nodes\comfyui-splatkit\bin\splat_backend_cache\uv.exe pip install --python C:\Users\HP\Apps\ComfyUI\custom_nodes\comfyui-splatkit\bin\splat_backend\venv\Scripts\python.exe --constraint C:\Users\HP\Apps\ComfyUI\custom_nodes\comfyui-splatkit\tools\splatting\requirements.txt --torch-backend cu128 torch==2.8.0 torchvision==0.23.0
Using Python 3.11.16 environment at: C:\Users\HP\Apps\ComfyUI\custom_nodes\comfyui-splatkit\bin\splat_backend\venv
Resolved 12 packages in 6.22s
Downloading torchvision (7.2MiB)
Downloading torch (3.2GiB)
Downloading networkx (2.0MiB)
Downloading sympy (6.0MiB)
Downloading numpy (15.1MiB)
Downloading pillow (6.9MiB)
 Downloaded torchvision
 Downloaded networkx
 Downloaded sympy
 Downloaded pillow
 Downloaded numpy
 Downloaded torch
Prepared 12 packages in 13m 19s
Installed 12 packages in 16.73s
 + filelock==3.32.6
 + fsspec==2026.7.0
 + jinja2==3.1.6
 + markupsafe==3.0.3
 + mpmath==1.3.0
 + networkx==3.6.1
 + numpy==1.26.4
 + pillow==12.3.0
 + sympy==1.14.0
 + torch==2.8.0+cu128
 + torchvision==0.23.0+cu128
 + typing-extensions==4.16.0
[SplatKit 4D setup] C:\Users\HP\Apps\ComfyUI\custom_nodes\comfyui-splatkit\bin\splat_backend_cache\uv.exe pip install --python C:\Users\HP\Apps\ComfyUI\custom_nodes\comfyui-splatkit\bin\splat_backend\venv\Scripts\python.exe --constraint C:\Users\HP\Apps\ComfyUI\custom_nodes\comfyui-splatkit\tools\splatting\requirements.txt C:\Users\HP\Apps\ComfyUI\custom_nodes\comfyui-splatkit\bin\splat_backend_cache\gsplat-1.4.0+pt28cu128-cp311-cp311-win_amd64.whl
Using Python 3.11.16 environment at: C:\Users\HP\Apps\ComfyUI\custom_nodes\comfyui-splatkit\bin\splat_backend\venv
Resolved 18 packages in 1.01s
Downloading pygments (1.2MiB)
 Downloaded pygments
Prepared 8 packages in 929ms
Installed 8 packages in 2.03s
 + gsplat==1.4.0+pt28cu128 (from file:///C:/Users/HP/Apps/ComfyUI/custom_nodes/comfyui-splatkit/bin/splat_backend_cache/gsplat-1.4.0+pt28cu128-cp311-cp311-win_amd64.whl)
 + jaxtyping==0.3.11
 + markdown-it-py==4.2.0
 + mdurl==0.1.2
 + ninja==1.13.2
 + pygments==2.21.0
 + rich==15.0.0
 + wadler-lindig==0.1.7
[SplatKit 4D setup] C:\Users\HP\Apps\ComfyUI\custom_nodes\comfyui-splatkit\bin\splat_backend_cache\uv.exe pip install --python C:\Users\HP\Apps\ComfyUI\custom_nodes\comfyui-splatkit\bin\splat_backend\venv\Scripts\python.exe --constraint C:\Users\HP\Apps\ComfyUI\custom_nodes\comfyui-splatkit\tools\splatting\requirements.txt --torch-backend cu128 -r C:\Users\HP\Apps\ComfyUI\custom_nodes\comfyui-splatkit\bin\splat_backend\4DAnyone\requirements.txt -r C:\Users\HP\Apps\ComfyUI\custom_nodes\comfyui-splatkit\tools\splatting\requirements.txt C:\Users\HP\Apps\ComfyUI\custom_nodes\comfyui-splatkit\bin\splat_backend_cache\gsplat-1.4.0+pt28cu128-cp311-cp311-win_amd64.whl
Using Python 3.11.16 environment at: C:\Users\HP\Apps\ComfyUI\custom_nodes\comfyui-splatkit\bin\splat_backend\venv
Resolved 68 packages in 3.47s
   Building antlr4-python3-runtime==4.9.3
Downloading scipy (34.9MiB)
Downloading hf-xet (3.8MiB)
Downloading transformers (11.4MiB)
Downloading kornia (1.1MiB)
Downloading imageio-ffmpeg (29.8MiB)
Downloading timm (2.1MiB)
Downloading opencv-python (37.7MiB)
Downloading kornia-rs (3.2MiB)
Downloading tokenizers (2.6MiB)
Downloading av (30.3MiB)
 Downloaded kornia
 Downloaded timm
 Downloaded tokenizers
 Downloaded kornia-rs
 Downloaded hf-xet
      Built antlr4-python3-runtime==4.9.3
 Downloaded transformers
 Downloaded imageio-ffmpeg
 Downloaded av
 Downloaded scipy
 Downloaded opencv-python
Prepared 46 packages in 4m 29s
Uninstalled 1 package in 194ms
Installed 47 packages in 3.64s
 + aiohappyeyeballs==2.7.1
 + aiohttp==3.14.3
 + aiosignal==1.4.0
 + antlr4-python3-runtime==4.9.3
 + attrs==26.1.0
 + av==16.1.0
 + certifi==2026.7.22
 + charset-normalizer==3.5.1
 + colorama==0.4.6
 + colorlog==6.12.0
 + einops==0.8.2
 + ffmpeg-python==0.2.0
 + fire==0.7.1
 + frozenlist==1.8.0
 + future==1.0.0
 - gsplat==1.4.0 (from file:///C:/Users/HP/Apps/ComfyUI/custom_nodes/comfyui-splatkit/bin/splat_backend_cache/gsplat-1.4.0+pt28cu128-cp311-cp311-win_amd64.whl)
 + gsplat==1.4.0+pt28cu128 (from file:///C:/Users/HP/Apps/ComfyUI/custom_nodes/comfyui-splatkit/bin/splat_backend_cache/gsplat-1.4.0+pt28cu128-cp311-cp311-win_amd64.whl)
 + hf-xet==1.6.0
 + huggingface-hub==0.36.2
 + hydra-core==1.3.7
 + hydra-zen==0.16.0
 + idna==3.19
 + imageio==2.37.4
 + imageio-ffmpeg==0.6.0
 + kornia==0.8.3
 + kornia-rs==0.1.14
 + lapx==0.10.0
 + lightning-utilities==0.15.3
 + multidict==6.8.0
 + omegaconf==2.3.1
 + opencv-python==4.11.0.86
 + propcache==0.5.2
 + pytorch-lightning==2.6.6
 + pytorch-msssim==1.0.0
 + pyyaml==6.0.3
 + regex==2026.9.10
 + requests==2.34.2
 + safetensors==0.8.0
 + scipy==1.17.1
 + termcolor==3.3.0
 + timm==0.9.12
 + tokenizers==0.22.2
 + torchmetrics==1.9.0
 + tqdm==4.70.1
 + transformers==4.57.6
 + urllib3==2.7.0
 + yacs==0.1.8
 + yarl==1.24.5
[SplatKit 4D setup] Verifying backend.
CUDA rasterization and backward passed on NVIDIA GeForce RTX 5060 Ti
[SplatKit 4D setup] C:\Users\HP\Apps\ComfyUI\custom_nodes\comfyui-splatkit\bin\splat_backend\venv\Scripts\python.exe -m pip check
No broken requirements found.
[SplatKit 4D setup] C:\Users\HP\Apps\ComfyUI\custom_nodes\comfyui-splatkit\bin\splat_backend_cache\uv.exe cache clean
Clearing cache at: C:\Users\HP\Apps\ComfyUI\custom_nodes\comfyui-splatkit\bin\splat_backend_cache\uv-cache
Removed 25779 files (7.6GiB)
[SplatKit 4D setup] Ready. Install model files and select them in the model loader nodes. See docs/4DANYONE.md.
